FLASH_BOOT)
configsip: 0, SPIWP:0xee
clk_drv:0x00,q_drv:0x00,d_drv:0x00,cs0_drv:0x00,hd_drï¿½ï¿½Table:
[0;32mI (55) boot: ## Label            Usage          Type ST Offset   Length[0m
[0;32mI (61) boot:  0 nvs              WiFi data        01 02 00009000 0000ï¿½ets Jul 29 2019 12:21:46[0m

rst:0x1 (POWERON_RESET),boot:0x13 (SPI_FAST_FLASH_BOOT)
configsip: 0, SPIWP:0xee
clk_drv:0x00,q_drv:0x00,d_drv:0x00,cs0_drv:0x00,hd_drv:0x00,wp_drv:0x00
mode:DIO, clock div:2
load:0x3fff0030,len:6276
load:0x40078000,len:15716
load:0x40080400,len:4
ho 8 tail 4 room 4
load:0x40080404,len:3860
entry 0x4008063c
[0;32mI (31) boot: ESP-IDF v5.4-1-ge33cb68d2a-dirty 2nd stage bootloader[0m
[0;32mI (31) boot: compile time Oct  1 2025 22:37:31[0m
[0;32mI (31) boot: Multicore bootloader[0m
[0;32mI (34) boot: chip revision: v3.1[0m
[0;32mI (37) boot.esp32: SPI Speed      : 40MHz[0m
[0;32mI (41) boot.esp32: SPI Mode       : DIO[0m
[0;32mI (44) boot.esp32: SPI Flash Size : 4MB[0m
[0;32mI (48) boot: Enabling RNG early entropy source...[0m
[0;32mI (52) boot: Partition Table:[0m
[0;32mI (55) boot: ## Label            Usage          Type ST Offset   Length[0m
[0;32mI (61) boot:  0 nvs              WiFi data        01 02 00009000 00006000[0m
[0;32mI (68) boot:  1 phy_init         RF data          01 01 0000f000 00001000[0m
[0;32mI (74) boot:  2 factory          factory app      00 00 00010000 00100000[0m
[0;32mI (81) boot: End of partition table[0m
[0;32mI (84) esp_image: segment 0: paddr=00010020 vaddr=3f400020 size=0b2e4h ( 45796) map[0m
[0;32mI (107) esp_image: segment 1: paddr=0001b30c vaddr=3ff80000 size=0001ch (    28) load[0m
[0;32mI (107) esp_image: segment 2: paddr=0001b330 vaddr=3ffb0000 size=0239ch (  9116) load[0m
[0;32mI (114) esp_image: segment 3: paddr=0001d6d4 vaddr=40080000 size=02944h ( 10564) load[0m
[0;32mI (123) esp_image: segment 4: paddr=00020020 vaddr=400d0020 size=16c20h ( 93216) map[0m
[0;32mI (158) esp_image: segment 5: paddr=00036c48 vaddr=40082944 size=0b940h ( 47424) load[0m
[0;32mI (183) boot: Loaded app from partition at offset 0x10000[0m
[0;32mI (183) boot: Disabling RNG early entropy source...[0m
[0;32mI (194) cpu_start: Multicore app[0m
[0;32mI (202) cpu_start: Pro cpu start user code[0m
[0;32mI (202) cpu_start: cpu freq: 160000000 Hz[0m
[0;32mI (202) app_init: Application information:[0m
[0;32mI (202) app_init: Project name:     hello_world[0m
[0;32mI (207) app_init: App version:      v5.4-1-ge33cb68d2a-dirty[0m
[0;32mI (212) app_init: Compile time:     Oct  1 2025 22:37:23[0m
[0;32mI (217) app_init: ELF file SHA256:  0c580f041...[0m
[0;32mI (221) app_init: ESP-IDF:          v5.4-1-ge33cb68d2a-dirty[0m
[0;32mI (227) efuse_init: Min chip rev:     v0.0[0m
[0;32mI (231) efuse_init: Max chip rev:     v3.99 [0m
[0;32mI (235) efuse_init: Chip rev:         v3.1[0m
[0;32mI (239) heap_init: Initializing. RAM available for dynamic allocation:[0m
[0;32mI (245) heap_init: At 3FFAE6E0 len 00001920 (6 KiB): DRAM[0m
[0;32mI (250) heap_init: At 3FFB2C68 len 0002D398 (180 KiB): DRAM[0m
[0;32mI (255) heap_init: At 3FFE0440 len 00003AE0 (14 KiB): D/IRAM[0m
[0;32mI (260) heap_init: At 3FFE4350 len 0001BCB0 (111 KiB): D/IRAM[0m
[0;32mI (266) heap_init: At 4008E284 len 00011D7C (71 KiB): IRAM[0m
[0;32mI (273) spi_flash: detected chip: generic[0m
[0;32mI (275) spi_flash: flash io: dio[0m
[0;33mW (278) i2c: This driver is an old driver, please migrate your application code to adapt `driver/i2c_master.h`[0m
[0;32mI (288) main_task: Started on CPU0[0m
[0;32mI (298) main_task: Calling app_main()[0m
[0;32mI (298) main_task: Returned from app_main()[0m
